Error type 5 at Line 3: unmatching type on both sides of assignment
Semantic Error at line 9: Use non-int type variable as condition.
Semantic Error at line 10: Use non-int type variable as condition.
Semantic Error at line 12: Use non-int type variable as condition.
Semantic Error at line 13: Use non-int type variable as condition.
