Semantic Error at line 2: Struct 'a' is used without definition.
