Variable List
a int
b int
c int
d int
Function List
aha int
