Error type 3 at Line 13: Variable 'j' is redefined
Error type 1 at Line 18: Variable 'j' is not defined
Semantic Error at line 19: 'break' should be used in loop.
