Error type 7 at Line 10: Invalid operation 'PLUS' on non-number variables
Error type 5 at Line 10: unmatching type on both sides of assignment
