Error type 5 at Line 7: unmatching type on both sides of assignmentError type 5 at Line 8: unmatching type on both sides of assignmentVariable List
n int
k int
r int
Function List
add1 int
test_2_r02 int
