Error type A at line 4: Unknown lexeme "3_wrong_id" 
