Variable List
weight int
round float
aa int
weight_test float
Function List
test_2_r07 int
