Error type B at Line 9: Missing ")"
Error type B at Line 12: Missing ")"
