Error type A at line 4: Unknown lexeme "$" 
Error type B at Line 6: Missing ";"
Error type A at line 8: Unknown lexeme "@" 
