name int
age int
c int
cc int
father int
mother int
