Error type 1 at Line 3: x is not defined
Error type 1 at Line 3: y is not defined
Error type 1 at Line 4: y is not defined
Error type 1 at Line 4: x is not defined
Error type 1 at Line 10: i is not defined
Error type 1 at Line 12: m is not defined
Error type 1 at Line 12: n is not defined
Error type 1 at Line 16: m is not defined
Error type 1 at Line 16: n is not defined
