Error type 9 at Line 12: Functionâ€™s arguments mismatch the declared parameters
