Error type 1 at Line 13: Variable 'people' is not defined
Error type 5 at Line 13: unmatching type on both sides of assignment
Variable List
FieldList in Struct: 1
Name:name Type:int
Name:tom Type:struct
Name:i Type:int
Function List
Name:test_2_r10 Type:int
Struct List
FieldList in Struct: 1
Name:name Type:int
Name:Person Type:struct
