Error type 1 at Line 4: i is not defined
Error type 1 at Line 10: n is not defined
