Error type A at line 3: Unknown lexeme "0x77G" 
Error type A at line 4: Unknown lexeme "0xCS" 
Error type A at line 7: Unknown lexeme "'\x6u'" 
Error type A at line 8: Unknown lexeme "'\x910'" 
