Error type 3 at Line 6: Variable 'ttt' is redefined
