Error type 1 at Line 5: Variable 'x3' is not defined
Variable List
Name:x1 Type:int
Name:x2 Type:int
Name:x4 Type:int
Function List
Name:test_2_r01 Type:int
Struct List
