Error type 8 at Line 21: Functionâ€™s return value type mismatches the declared type
