Variable List
name int
id int
age int
Amy int
Function List
test_2_r15 int
