ID: ttt
ID: ttt
ID: iii
ID: ttt
ID: iii
ID: kkk
ID: ttt
ID: iii
ID: kkk
ID: ttt
