Error type 4 at Line 7: Function 'compare' is redefined
