Function 
Function ÍqﬁÛU
Function PrﬁÛU
Function 0rﬁÛU
Function ‡ArﬁÛU
Function ¿ErﬁÛU
Function †IrﬁÛU
x int
y int
a int
b int
i int
m int
n int
