Error type 15 at Line 6: Redefine the same structure type
