Error type 5 at Line 3: unmatching type on both sides of assignmentError type 5 at Line 4: unmatching type on both sides of assignmentError type 7 at Line 6: Invalid operation on non-number variables
Error type 5 at Line 6: unmatching type on both sides of assignmentVariable List
iii float
kkk float
ttt int
Function List
test_2_r05 int
