Error type 14 at Line 10: Accessing an undefined structure member 'age'
Error type 14 at Line 12: Accessing an undefined structure member 'weight'
